TRAIN 0 narrow_catboost
FOLD_RESULT 0 narrow_catboost {"16": -0.0009815112579109053, "32": -0.0007061203377266567, "64": -0.0007061203377266567}
TRAIN 0 narrow_v38_control
FOLD_RESULT 0 narrow_v38_control {"16": -0.00021645244745871484, "32": -0.001091191593080354, "64": -0.007346955876367578}
TRAIN 0 wide_catboost
FOLD_RESULT 0 wide_catboost {"16": -0.00033025759460902915, "32": -0.002861657818707619, "64": -0.002861657818707619}
TRAIN 0 wide_v38_control
FOLD_RESULT 0 wide_v38_control {"16": -0.00021645244745871484, "32": -0.006065174727329814, "64": -0.01814751755047339}
TRAIN 1 narrow_catboost
FOLD_RESULT 1 narrow_catboost {"16": 0.004338298685403141, "32": 0.008748206152408566, "64": 0.014108503171868847}
TRAIN 1 narrow_v38_control
FOLD_RESULT 1 narrow_v38_control {"16": 0.007066811645839666, "32": 0.014250269426136275, "64": 0.016222997994867705}
TRAIN 1 wide_catboost
FOLD_RESULT 1 wide_catboost {"16": 0.005880986530881538, "32": 0.007550298145697298, "64": 0.01288814527770299}
TRAIN 1 wide_v38_control
FOLD_RESULT 1 wide_v38_control {"16": 0.004338298685403141, "32": 0.01149923778927242, "64": 0.019024118443046967}
TRAIN 2 narrow_catboost
FOLD_RESULT 2 narrow_catboost {"16": 0.004442131082083245, "32": 0.0062535940195515005, "64": 0.013949047382129987}
TRAIN 2 narrow_v38_control
FOLD_RESULT 2 narrow_v38_control {"16": 0.00712309622953633, "32": 0.008956296722254176, "64": 0.01670007901899384}
TRAIN 2 wide_catboost
FOLD_RESULT 2 wide_catboost {"16": -0.0036007643602760098, "32": 0.0035508913168488254, "64": 0.008737559466479916}
TRAIN 2 wide_v38_control
FOLD_RESULT 2 wide_v38_control {"16": 0.00712309622953633, "32": 0.008956296722254176, "64": 0.015460603226560732}
TRAIN 3 narrow_catboost
FOLD_RESULT 3 narrow_catboost {"16": 0.004624158306994586, "32": 0.0032060874381227844, "64": 0.0032060874381227844}
TRAIN 3 narrow_v38_control
FOLD_RESULT 3 narrow_v38_control {"16": 0.0034103814206262184, "32": 0.010741272283990022, "64": 0.013210864115340115}
TRAIN 3 wide_catboost
FOLD_RESULT 3 wide_catboost {"16": -0.0018458603664959217, "32": -0.0018458603664959217, "64": -0.0018458603664959217}
TRAIN 3 wide_v38_control
FOLD_RESULT 3 wide_v38_control {"16": 0.0021997903003638797, "32": 0.0068658737066047415, "64": 0.006669390751501081}
TRAIN 4 narrow_catboost
FOLD_RESULT 4 narrow_catboost {"16": 0.0010866612333605419, "32": 0.0010866612333605419, "64": 0.0010866612333605419}
TRAIN 4 narrow_v38_control
FOLD_RESULT 4 narrow_v38_control {"16": 0.003794037940379469, "32": 0.003794037940379469, "64": 0.003794037940379469}
TRAIN 4 wide_catboost
FOLD_RESULT 4 wide_catboost {"16": 0.0010866612333605419, "32": 0.0010866612333605419, "64": 0.0010866612333605419}
TRAIN 4 wide_v38_control
